// Jest Snapshot v1, https://goo.gl/fbAQLP

exports[`Mapping Functions should parse an OpenAI response to a (LangChain) chat response 1`] = `
{
  "generations": [
    {
      "generationInfo": {
        "finish_reason": "stop",
        "function_call": undefined,
        "index": 0,
        "tool_calls": undefined,
      },
      "message": {
        "id": [
          "langchain_core",
          "messages",
          "AIMessage",
        ],
        "kwargs": {
          "additional_kwargs": {
            "finish_reason": "stop",
            "function_call": undefined,
            "index": 0,
            "tool_call_id": "",
            "tool_calls": undefined,
          },
          "content": "Hello! I'm just a computer program, so I don't have feelings, but thanks for asking. How can I assist you today?",
          "invalid_tool_calls": [],
          "response_metadata": {},
          "tool_calls": [],
        },
        "lc": 1,
        "type": "constructor",
      },
      "text": "Hello! I'm just a computer program, so I don't have feelings, but thanks for asking. How can I assist you today?",
    },
  ],
  "llmOutput": {
    "created": 1726839449,
    "id": "chatcmpl-A9Y77vG0OKsk9lUU0UAtlTKpnjyQ6",
    "model": "gpt-4o-2024-05-13",
    "object": "chat.completion",
    "tokenUsage": {
      "completionTokens": 26,
      "promptTokens": 13,
      "totalTokens": 39,
    },
  },
}
`;
